MPLINK 4.39, Linker
Linker Map File - Created Sat Feb 04 20:40:45 2012

                                 Section Info
                  Section       Type    Address   Location Size(Bytes)
                ---------  ---------  ---------  ---------  ---------
                   .org_0       code   0x000000    program   0x000096
  .config_2007_UNTITLED.O       code   0x002007    program   0x000002



                              Program Memory Usage 
                               Start         End      
                           ---------   ---------      
                            0x000000    0x00004a      
                            0x002007    0x002007      
            76 out of 1094 program addresses used, program memory utilization is 6%



                              Symbols - Sorted by Name
                     Name    Address   Location    Storage File                     
                ---------  ---------  ---------  --------- ---------                
                  Delay_0   0x000010    program     static C:\Users\Mike\Desktop\Untitled.asm
                  Delay_1   0x000046    program     static C:\Users\Mike\Desktop\Untitled.asm
                 Delay_12   0x00000c    program     static C:\Users\Mike\Desktop\Untitled.asm
                  Delay_6   0x000042    program     static C:\Users\Mike\Desktop\Untitled.asm
                 ReadData   0x000039    program     static C:\Users\Mike\Desktop\Untitled.asm
                   start1   0x000000    program     static C:\Users\Mike\Desktop\Untitled.asm
                   start2   0x000008    program     static C:\Users\Mike\Desktop\Untitled.asm



                              Symbols - Sorted by Address
                     Name    Address   Location    Storage File                     
                ---------  ---------  ---------  --------- ---------                
                   start1   0x000000    program     static C:\Users\Mike\Desktop\Untitled.asm
                   start2   0x000008    program     static C:\Users\Mike\Desktop\Untitled.asm
                 Delay_12   0x00000c    program     static C:\Users\Mike\Desktop\Untitled.asm
                  Delay_0   0x000010    program     static C:\Users\Mike\Desktop\Untitled.asm
                 ReadData   0x000039    program     static C:\Users\Mike\Desktop\Untitled.asm
                  Delay_6   0x000042    program     static C:\Users\Mike\Desktop\Untitled.asm
                  Delay_1   0x000046    program     static C:\Users\Mike\Desktop\Untitled.asm


